el_ο_θεόσ.mp3                                                 | el_ο_θεόσ.mp3
el_ο_ναόσ_του_κυρίου_είν_εδώ.mp3                              | el_ο_ναόσ_του_κυρίου_είν_εδώ.mp3
el_ο_ναόσ_που_κατοικεί_ο_κύριοσ_ο_ναόσ_του_κυρίου.mp3         | el_ο_ναόσ_που_κατοικεί_ο_κύριοσ_ο_ναόσ_του_κυρίο
